// Jest Snapshot v1, https://goo.gl/fbAQLP

exports[`renders without crashing 1`] = `
<View
  style={
    Object {
      "backgroundColor": "#ff0000",
      "height": 44,
    }
  }
>
  <StatusBar
    animated={false}
    barStyle="light-content"
    showHideTransition="fade"
    style={
      Object {
        "backgroundColor": "#ff0000",
      }
    }
  />
</View>
`;
