// Jest Snapshot v1, https://goo.gl/fbAQLP

exports[`renders without crashing 1`] = `
<View
  style={
    Object {
      "backgroundColor": "#fff",
      "borderRadius": 16,
      "flex": 1,
      "flexDirection": "row",
      "justifyContent": "center",
      "marginLeft": 10,
      "marginRight": 10,
      "marginTop": 17,
      "padding": 20,
      "shadowColor": "rgba(0, 0, 0, 0.24)",
      "shadowOffset": Object {
        "height": 3,
        "width": 0,
      },
      "shadowOpacity": 0.8,
      "shadowRadius": 3,
    }
  }
>
  <Text
    accessible={true}
    allowFontScaling={true}
    disabled={false}
    ellipsizeMode="tail"
    style={
      Object {
        "fontSize": 24,
        "textAlign": "center",
      }
    }
  >
    One Deck
  </Text>
  <Text
    accessible={true}
    allowFontScaling={true}
    disabled={false}
    ellipsizeMode="tail"
    style={
      Object {
        "color": "#757575",
        "fontSize": 18,
      }
    }
  >
    10
  </Text>
</View>
`;
