// Jest Snapshot v1, https://goo.gl/fbAQLP

exports[`renders without crashing 1`] = `
<View
  style={
    Object {
      "flex": 1,
      "paddingTop": 22,
    }
  }
>
  <FlatList
    data={
      Array [
        Object {
          "amountOfCards": 10,
          "title": "One Deck",
        },
        Object {
          "amountOfCards": 11,
          "title": "Two Deck",
        },
        Object {
          "amountOfCards": 12,
          "title": "Three Deck",
        },
      ]
    }
    disableVirtualization={false}
    horizontal={false}
    initialNumToRender={10}
    keyExtractor={[Function]}
    maxToRenderPerBatch={10}
    numColumns={1}
    onEndReachedThreshold={2}
    renderItem={[Function]}
    scrollEventThrottle={50}
    updateCellsBatchingPeriod={50}
    windowSize={21}
  />
</View>
`;
