// Jest Snapshot v1, https://goo.gl/fbAQLP

exports[`renders without crashing 1`] = `
<View
  style={
    Array [
      Object {
        "backgroundColor": "#fff",
        "flex": 1,
        "flexDirection": "row",
        "justifyContent": "space-between",
        "marginLeft": 10,
        "marginRight": 10,
        "marginTop": 8,
        "padding": 20,
        "shadowColor": "rgba(0, 0, 0, 0.24)",
        "shadowOpacity": 0.8,
      },
      Object {
        "borderRadius": 8,
        "shadowOffset": Object {
          "height": 3,
          "width": 0,
        },
        "shadowRadius": 3,
      },
    ]
  }
>
  <Text
    accessible={true}
    allowFontScaling={true}
    disabled={false}
    ellipsizeMode="tail"
    style={
      Object {
        "fontSize": 24,
        "paddingTop": 8,
        "textAlign": "center",
      }
    }
  >
    One Deck
  </Text>
  <Text
    accessible={true}
    allowFontScaling={true}
    disabled={false}
    ellipsizeMode="tail"
    style={
      Object {
        "fontSize": 24,
        "paddingTop": 8,
        "textAlign": "center",
      }
    }
  >
    10
     card(s)
  </Text>
  <TouchableOpacity
    activeOpacity={0.2}
    onPress={[Function]}
  >
    <Text
      accessible={true}
      allowFontScaling={true}
      disabled={false}
      ellipsizeMode="tail"
      style={
        Object {
          "fontSize": 24,
          "paddingTop": 8,
          "textAlign": "center",
        }
      }
    >
      Start
    </Text>
  </TouchableOpacity>
</View>
`;
