// Jest Snapshot v1, https://goo.gl/fbAQLP

exports[`renders without crashing 1`] = `
<View
  style={
    Object {
      "flex": 1,
      "flexDirection": "row",
    }
  }
>
  <View
    style={
      Object {
        "width": "40%",
      }
    }
  >
    <DeckCardList
      decks={
        Array [
          Object {
            "amountOfCards": 3,
            "key": "one-item",
            "quizzes": Array [
              Object {
                "question": "One Quetion",
              },
              Object {
                "question": "Two Quetion",
              },
              Object {
                "question": "Three Quetion",
              },
            ],
            "title": "One Deck",
          },
          Object {
            "amountOfCards": 3,
            "key": "two-item",
            "quizzes": Array [
              Object {
                "question": "One Quetion",
              },
              Object {
                "question": "Two Quetion",
              },
              Object {
                "question": "Three Quetion",
              },
            ],
            "title": "Two Deck",
          },
          Object {
            "amountOfCards": 3,
            "key": "three-item",
            "quizzes": Array [
              Object {
                "question": "One Quetion",
              },
              Object {
                "question": "Two Quetion",
              },
              Object {
                "question": "Three Quetion",
              },
            ],
            "title": "Three Deck",
          },
        ]
      }
      onSelectedOneDeck={[Function]}
    />
    <TouchableOpacity
      activeOpacity={0.2}
      id="addFabButton"
      style={
        Array [
          Object {
            "alignItems": "center",
            "borderRadius": 50,
            "bottom": 20,
            "height": 56,
            "justifyContent": "center",
            "position": "absolute",
            "right": 20,
            "width": 56,
          },
          Object {
            "alignItems": "center",
            "backgroundColor": "#f26f28",
            "borderRadius": 50,
            "elevation": 4,
            "shadowColor": "#000000",
            "shadowOffset": Object {
              "height": 1,
              "width": 0,
            },
            "shadowOpacity": 0.8,
            "shadowRadius": 2,
          },
        ]
      }
    >
      <Icon
        allowFontScaling={false}
        color="#fff"
        name="md-add"
        size={30}
      />
    </TouchableOpacity>
  </View>
  <View
    style={
      Object {
        "marginBottom": 20,
        "marginRight": 20,
        "width": "60%",
      }
    }
  >
    <PanelQuizzes
      decks={
        Array [
          Object {
            "amountOfCards": 3,
            "key": "one-item",
            "quizzes": Array [
              Object {
                "question": "One Quetion",
              },
              Object {
                "question": "Two Quetion",
              },
              Object {
                "question": "Three Quetion",
              },
            ],
            "title": "One Deck",
          },
          Object {
            "amountOfCards": 3,
            "key": "two-item",
            "quizzes": Array [
              Object {
                "question": "One Quetion",
              },
              Object {
                "question": "Two Quetion",
              },
              Object {
                "question": "Three Quetion",
              },
            ],
            "title": "Two Deck",
          },
          Object {
            "amountOfCards": 3,
            "key": "three-item",
            "quizzes": Array [
              Object {
                "question": "One Quetion",
              },
              Object {
                "question": "Two Quetion",
              },
              Object {
                "question": "Three Quetion",
              },
            ],
            "title": "Three Deck",
          },
        ]
      }
    />
  </View>
</View>
`;
