// Jest Snapshot v1, https://goo.gl/fbAQLP

exports[`renders without crashing 1`] = `
<View
  style={
    Object {
      "flex": 1,
      "flexDirection": "row",
    }
  }
>
  <View
    style={
      Object {
        "width": "40%",
      }
    }
  >
    <DeckCardList
      decks={
        Array [
          Object {
            "amountOfCards": 10,
            "id": "one-item",
            "title": "One Deck",
          },
          Object {
            "amountOfCards": 11,
            "id": "two-item",
            "title": "Two Deck",
          },
          Object {
            "amountOfCards": 12,
            "id": "three-item",
            "title": "Three Deck",
          },
        ]
      }
    />
  </View>
  <View
    style={
      Object {
        "marginBottom": 20,
        "marginRight": 20,
        "width": "60%",
      }
    }
  >
    <PanelQuizzes
      quizzes={Array []}
    />
  </View>
</View>
`;
